
Allocating common symbols
Common symbol       size              file

interrupt_stacks    0x10              kernel/interrupt.o
thread_table        0x800             kernel/thread.o
open_sockets        0x700             net/socket.o
open_sockets_sem    0x4               net/socket.o
scheduler_current_thread
                    0x10              kernel/scheduler.o
process_table       0x600             proc/process.o
thread_stack_areas  0x20000           kernel/thread.o
thread_table_slock  0x4               kernel/thread.o
network_interfaces  0x30              net/network.o
process_table_lock  0x4               proc/process.o
intr_status         0x4               kernel/lock_cond.o

Discarded input sections

 .reginfo       0x0000000000000000       0x18 kernel/cswitch.o
 .reginfo       0x0000000000000000       0x18 kernel/_interrupt.o
 .reginfo       0x0000000000000000       0x18 kernel/_spinlock.o
 .reginfo       0x0000000000000000       0x18 kernel/idle.o
 .reginfo       0x0000000000000000       0x18 lib/rand.o
 .reginfo       0x0000000000000000       0x18 drivers/_timer.o
 .reginfo       0x0000000000000000       0x18 vm/_tlb.o
 .reginfo       0x0000000000000000       0x18 init/main.o
 .reginfo       0x0000000000000000       0x18 kernel/panic.o
 .reginfo       0x0000000000000000       0x18 kernel/kmalloc.o
 .reginfo       0x0000000000000000       0x18 kernel/interrupt.o
 .reginfo       0x0000000000000000       0x18 kernel/thread.o
 .reginfo       0x0000000000000000       0x18 kernel/scheduler.o
 .reginfo       0x0000000000000000       0x18 kernel/sleepq.o
 .reginfo       0x0000000000000000       0x18 kernel/semaphore.o
 .reginfo       0x0000000000000000       0x18 kernel/exception.o
 .reginfo       0x0000000000000000       0x18 kernel/halt.o
 .reginfo       0x0000000000000000       0x18 kernel/lock_cond.o
 .reginfo       0x0000000000000000       0x18 lib/libc.o
 .reginfo       0x0000000000000000       0x18 lib/xprintf.o
 .reginfo       0x0000000000000000       0x18 lib/bitmap.o
 .reginfo       0x0000000000000000       0x18 lib/debug.o
 .reginfo       0x0000000000000000       0x18 drivers/polltty.o
 .reginfo       0x0000000000000000       0x18 drivers/timer.o
 .reginfo       0x0000000000000000       0x18 drivers/bootargs.o
 .reginfo       0x0000000000000000       0x18 drivers/device.o
 .reginfo       0x0000000000000000       0x18 drivers/drivers.o
 .reginfo       0x0000000000000000       0x18 drivers/tty.o
 .reginfo       0x0000000000000000       0x18 drivers/disk.o
 .reginfo       0x0000000000000000       0x18 drivers/disksched.o
 .reginfo       0x0000000000000000       0x18 drivers/metadev.o
 .reginfo       0x0000000000000000       0x18 proc/exception.o
 .reginfo       0x0000000000000000       0x18 proc/elf.o
 .reginfo       0x0000000000000000       0x18 proc/process.o
 .reginfo       0x0000000000000000       0x18 proc/syscall.o
 .reginfo       0x0000000000000000       0x18 vm/vm.o
 .reginfo       0x0000000000000000       0x18 vm/pagepool.o
 .reginfo       0x0000000000000000       0x18 vm/tlb.o
 .reginfo       0x0000000000000000       0x18 fs/vfs.o
 .reginfo       0x0000000000000000       0x18 fs/tfs.o
 .reginfo       0x0000000000000000       0x18 fs/filesystems.o
 .reginfo       0x0000000000000000       0x18 net/network.o
 .reginfo       0x0000000000000000       0x18 net/protocols.o
 .reginfo       0x0000000000000000       0x18 net/socket.o
 .reginfo       0x0000000000000000       0x18 net/pop.o

Memory Configuration

Name             Origin             Length             Attributes
*default*        0x0000000000000000 0xffffffffffffffff

Linker script and memory map

                0x0000000080010000                . = 0x80010000

.text           0x0000000080010000     0x9fa0
 *(.text)
 .text          0x0000000080010000       0x60 init/_boot.o
                0x0000000080010000                _start
 .text          0x0000000080010060      0x350 kernel/cswitch.o
                0x0000000080010060                _cswitch_vector_code
                0x0000000080010080                _cswitch_switch
                0x0000000080010388                _cswitch_to_userland
 .text          0x00000000800103b0      0x120 kernel/_interrupt.o
                0x00000000800103b0                _interrupt_disable
                0x00000000800103cc                _interrupt_enable
                0x00000000800103e4                _interrupt_set_state
                0x0000000080010408                _interrupt_get_state
                0x0000000080010414                _interrupt_generate_sw0
                0x000000008001042c                _interrupt_clear_sw
                0x0000000080010444                _interrupt_clear_sw0
                0x000000008001045c                _interrupt_clear_sw1
                0x0000000080010474                _interrupt_clear_bootstrap
                0x0000000080010490                _interrupt_getcpu
                0x00000000800104a0                _interrupt_clear_EXL
                0x00000000800104b8                _interrupt_set_EXL
 .text          0x00000000800104d0       0x30 kernel/_spinlock.o
                0x00000000800104d0                spinlock_reset
                0x00000000800104d0                spinlock_release
                0x00000000800104dc                spinlock_acquire
 .text          0x0000000080010500        0xc kernel/idle.o
                0x0000000080010500                _idle_thread_wait_loop
 .text          0x000000008001050c       0x4c lib/rand.o
                0x000000008001050c                _set_rand_seed
                0x000000008001051c                _get_rand
 .text          0x0000000080010558       0x14 drivers/_timer.o
                0x0000000080010558                _timer_set_ticks
 .text          0x000000008001056c      0x15c vm/_tlb.o
                0x000000008001056c                _tlb_get_exception_state
                0x0000000080010590                _tlb_set_asid
                0x00000000800105b0                _tlb_get_maxindex
                0x00000000800105c4                _tlb_probe
                0x00000000800105dc                _tlb_read
                0x0000000080010640                _tlb_write
                0x00000000800106a4                _tlb_write_random
 .text          0x00000000800106c8      0x49c init/main.o
                0x00000000800106c8                init_startup_fallback
                0x0000000080010880                init_startup_thread
                0x000000008001092c                init
 .text          0x0000000080010b64       0x68 kernel/panic.o
                0x0000000080010b64                _kernel_panic
 .text          0x0000000080010bcc      0x258 kernel/kmalloc.o
                0x0000000080010bcc                kmalloc_get_numpages
                0x0000000080010c50                kmalloc_get_reserved_pages
                0x0000000080010c78                kmalloc_disable
                0x0000000080010c88                kmalloc_init
                0x0000000080010d00                kmalloc
 .text          0x0000000080010e24      0x37c kernel/interrupt.o
                0x0000000080010e24                interrupt_init
                0x0000000080010f48                interrupt_register
                0x0000000080011058                interrupt_handle
 .text          0x00000000800111a0      0x424 kernel/thread.o
                0x00000000800111a0                thread_table_init
                0x0000000080011240                thread_create
                0x00000000800113d8                thread_run
                0x00000000800113e0                thread_switch
                0x000000008001140c                thread_get_current_thread
                0x000000008001145c                thread_finish
                0x0000000080011510                thread_get_current_thread_entry
                0x000000008001156c                thread_goto_userland
                0x00000000800115a4                thread_get_thread_entry
                0x00000000800115b8                thread_get_slock
 .text          0x00000000800115c4      0x330 kernel/scheduler.o
                0x00000000800115c4                scheduler_init
                0x00000000800115e0                scheduler_add_to_ready_list
                0x00000000800116cc                scheduler_add_ready
                0x000000008001173c                scheduler_schedule
 .text          0x00000000800118f4      0x48c kernel/sleepq.o
                0x00000000800118f4                sleepq_init
                0x0000000080011920                sleepq_add
                0x0000000080011a78                sleepq_wake
                0x0000000080011be8                sleepq_wake_all
 .text          0x0000000080011d80      0x2a4 kernel/semaphore.o
                0x0000000080011d80                semaphore_init
                0x0000000080011dc8                semaphore_create
                0x0000000080011f10                semaphore_destroy
                0x0000000080011f1c                semaphore_P
                0x0000000080011fa4                semaphore_V
 .text          0x0000000080012024      0x290 kernel/exception.o
                0x000000008001205c                kernel_exception_handle
 .text          0x00000000800122b4       0x3c kernel/halt.o
                0x00000000800122b4                halt_kernel
 .text          0x00000000800122f0      0x2a0 kernel/lock_cond.o
                0x00000000800122f0                lock_reset
                0x0000000080012338                lock_acquire
                0x00000000800123b4                lock_release
                0x00000000800123fc                condition_init
                0x0000000080012430                condition_wait
                0x00000000800124b0                condition_signal
                0x0000000080012520                condition_broadcast
 .text          0x0000000080012590      0x3d8 lib/libc.o
                0x0000000080012590                kwrite
                0x00000000800125d8                kread
                0x000000008001264c                stringcmp
                0x00000000800126b4                stringcopy
                0x0000000080012750                memcopy
                0x000000008001281c                memoryset
                0x0000000080012844                atoi
                0x000000008001292c                strlen
 .text          0x0000000080012968      0x8c0 lib/xprintf.o
                0x00000000800130bc                kvprintf
                0x0000000080013144                kprintf
                0x00000000800131d4                vsnprintf
                0x00000000800131f8                snprintf
 .text          0x0000000080013228      0x3b8 lib/bitmap.o
                0x0000000080013228                bitmap_sizeof
                0x0000000080013250                bitmap_init
                0x00000000800132d8                bitmap_get
                0x00000000800133a8                bitmap_set
                0x00000000800134c8                bitmap_findnset
 .text          0x00000000800135e0       0x44 lib/debug.o
                0x00000000800135e0                DEBUG
 .text          0x0000000080013624       0xec drivers/polltty.o
                0x0000000080013624                polltty_init
                0x0000000080013688                polltty_getchar
                0x00000000800136c8                polltty_putchar
 .text          0x0000000080013710       0x34 drivers/timer.o
                0x0000000080013710                timer_set_ticks
 .text          0x0000000080013744      0x274 drivers/bootargs.o
                0x0000000080013744                bootargs_init
                0x0000000080013920                bootargs_get
 .text          0x00000000800139b8      0x1dc drivers/device.o
                0x00000000800139b8                device_init
                0x0000000080013b34                device_get
 .text          0x0000000080013b94        0x0 drivers/drivers.o
 .text          0x0000000080013b94      0x7c0 drivers/tty.o
                0x0000000080013b94                tty_interrupt_handle
                0x0000000080014198                tty_init
 .text          0x0000000080014354      0x574 drivers/disk.o
                0x000000008001479c                disk_init
 .text          0x00000000800148c8       0x3c drivers/disksched.o
                0x00000000800148c8                disksched_schedule
 .text          0x0000000080014904      0x484 drivers/metadev.o
                0x0000000080014990                cpustatus_interrupt_handle
                0x0000000080014a1c                rtc_init
                0x0000000080014a8c                rtc_get_msec
                0x0000000080014aa4                rtc_get_clockspeed
                0x0000000080014abc                meminfo_init
                0x0000000080014b2c                meminfo_get_pages
                0x0000000080014b44                cpustatus_init
                0x0000000080014be4                cpustatus_count
                0x0000000080014c2c                cpustatus_generate_irq
                0x0000000080014cac                shutdown_init
                0x0000000080014d1c                shutdown
 .text          0x0000000080014d88      0x234 proc/exception.o
                0x0000000080014d88                user_exception_handle
 .text          0x0000000080014fbc      0x22c proc/elf.o
                0x0000000080014fbc                elf_parse_header
 .text          0x00000000800151e8      0xd38 proc/process.o
                0x00000000800151e8                process_start
                0x0000000080015810                process_help_spawn
                0x0000000080015818                process_mark_process_table_entry_empty
                0x0000000080015878                process_init
                0x00000000800158c4                process_get_current_process
                0x00000000800158e4                process_join
                0x0000000080015aa8                process_finish
                0x0000000080015cc4                process_spawn
                0x0000000080015ed0                process_get_current_process_entry
                0x0000000080015f04                process_get_process_entry
 .text          0x0000000080015f20      0x288 proc/syscall.o
                0x0000000080015f20                syscall_write
                0x0000000080015f90                syscall_read
                0x0000000080016004                syscall_exec
                0x000000008001600c                syscall_exit
                0x0000000080016014                syscall_join
                0x000000008001601c                syscall_handle
 .text          0x00000000800161a8      0x550 vm/vm.o
                0x00000000800161a8                vm_init
                0x00000000800161c4                vm_create_pagetable
                0x0000000080016210                vm_destroy_pagetable
                0x0000000080016220                vm_map
                0x0000000080016550                vm_unmap
                0x0000000080016558                vm_set_dirty
 .text          0x00000000800166f8      0x278 vm/pagepool.o
                0x00000000800166f8                pagepool_init
                0x00000000800167cc                pagepool_get_phys_page
                0x0000000080016898                pagepool_free_phys_page
 .text          0x0000000080016970       0xd4 vm/tlb.o
                0x0000000080016970                tlb_modified_exception
                0x0000000080016988                tlb_load_exception
                0x00000000800169a0                tlb_store_exception
                0x00000000800169b8                tlb_fill
 .text          0x0000000080016a44     0x117c fs/vfs.o
                0x0000000080016d8c                vfs_init
                0x0000000080016e88                vfs_deinit
                0x0000000080017018                vfs_mount
                0x00000000800171b4                vfs_mount_fs
                0x00000000800172b4                vfs_mount_all
                0x000000008001733c                vfs_unmount
                0x00000000800174ac                vfs_open
                0x000000008001767c                vfs_close
                0x0000000080017704                vfs_seek
                0x0000000080017798                vfs_read
                0x0000000080017880                vfs_write
                0x0000000080017968                vfs_create
                0x0000000080017a5c                vfs_remove
                0x0000000080017b1c                vfs_getfree
 .text          0x0000000080017bc0     0x1008 fs/tfs.o
                0x0000000080017bc0                tfs_close
                0x0000000080017bc8                tfs_getfree
                0x0000000080017ca0                tfs_write
                0x0000000080017fe0                tfs_read
                0x0000000080018278                tfs_open
                0x0000000080018380                tfs_remove
                0x00000000800185fc                tfs_create
                0x0000000080018958                tfs_unmount
                0x00000000800189b0                tfs_init
 .text          0x0000000080018bc8       0xb0 fs/filesystems.o
                0x0000000080018bc8                filesystems_try_all
 .text          0x0000000080018c78      0x5c4 net/network.o
                0x0000000080018d98                network_init
                0x0000000080018f0c                network_get_source_address
                0x0000000080018f44                network_get_broadcast_address
                0x0000000080018f4c                network_get_loopback_address
                0x0000000080018f54                network_get_mtu
                0x0000000080019028                network_send
                0x000000008001922c                network_free_frame
 .text          0x000000008001923c       0xb4 net/protocols.o
                0x000000008001923c                protocols_get_frame_handler
                0x0000000080019294                protocols_init
 .text          0x00000000800192f0      0x31c net/socket.o
                0x00000000800192f0                socket_init
                0x00000000800193b0                socket_open
                0x000000008001955c                socket_close
 .text          0x000000008001960c      0x994 net/pop.o
                0x0000000080019914                socket_sendto
                0x0000000080019b18                socket_recvfrom
                0x0000000080019c80                pop_init
                0x0000000080019dd4                pop_push_frame

.rodata         0x0000000080019fa0     0x182c
 *(.rodata .rodata.*)
 .rodata.str1.4
                0x0000000080019fa0      0x4ad init/main.o
                                        0x4b4 (size before relaxing)
 *fill*         0x000000008001a44d        0x3 
 .rodata.str1.4
                0x000000008001a450       0x26 kernel/panic.o
                                         0x28 (size before relaxing)
 *fill*         0x000000008001a476        0x2 
 .rodata.str1.4
                0x000000008001a478      0x11f kernel/kmalloc.o
                                        0x120 (size before relaxing)
 *fill*         0x000000008001a597        0x1 
 .rodata.str1.4
                0x000000008001a598       0xea kernel/interrupt.o
                                         0xec (size before relaxing)
 *fill*         0x000000008001a682        0x2 
 .rodata.str1.4
                0x000000008001a684       0x6b kernel/thread.o
                                         0x80 (size before relaxing)
 *fill*         0x000000008001a6ef        0x1 
 .rodata.str1.4
                0x000000008001a6f0       0x13 kernel/scheduler.o
                                         0x28 (size before relaxing)
 *fill*         0x000000008001a703        0x1 
 .rodata.str1.4
                0x000000008001a704       0x10 kernel/sleepq.o
                                         0x24 (size before relaxing)
 .rodata.str1.4
                0x000000008001a714       0x13 kernel/semaphore.o
                                         0x28 (size before relaxing)
 *fill*         0x000000008001a727        0x1 
 .rodata.str1.4
                0x000000008001a728      0x26a kernel/exception.o
                                        0x26c (size before relaxing)
 *fill*         0x000000008001a992        0x2 
 .rodata        0x000000008001a994       0x38 kernel/exception.o
 .rodata.str1.4
                0x000000008001a9cc       0x54 kernel/halt.o
 .rodata.str1.4
                0x000000008001aa20       0x13 kernel/lock_cond.o
                                         0x28 (size before relaxing)
 *fill*         0x000000008001aa33        0x1 
 .rodata        0x000000008001aa34      0x10c lib/xprintf.o
 .rodata.str1.4
                0x000000008001ab40       0x2c lib/bitmap.o
                                         0x40 (size before relaxing)
 .rodata.str1.4
                0x0000000000000000       0x2c drivers/bootargs.o
                                          0x4 (size before relaxing)
 .rodata.str1.4
                0x000000008001ab6c       0xaa drivers/device.o
                                         0xac (size before relaxing)
 *fill*         0x000000008001ac16        0x2 
 .rodata.str1.4
                0x000000008001ac18       0x51 drivers/drivers.o
                                         0x54 (size before relaxing)
 *fill*         0x000000008001ac69        0x3 
 .rodata.str1.4
                0x000000008001ac6c       0x8e drivers/tty.o
                                         0x90 (size before relaxing)
 *fill*         0x000000008001acfa        0x2 
 .rodata.str1.4
                0x000000008001acfc       0x93 drivers/disk.o
                                         0xa8 (size before relaxing)
 *fill*         0x000000008001ad8f        0x1 
 .rodata.str1.4
                0x000000008001ad90      0x12c drivers/metadev.o
                                        0x140 (size before relaxing)
 .rodata.str1.4
                0x000000008001aebc       0x11 proc/exception.o
                                        0x1d8 (size before relaxing)
 *fill*         0x000000008001aecd        0x3 
 .rodata        0x000000008001aed0       0x38 proc/exception.o
 .rodata.str1.4
                0x000000008001af08      0x248 proc/process.o
                                        0x260 (size before relaxing)
 .rodata.str1.4
                0x000000008001b150       0x27 proc/syscall.o
                                         0x28 (size before relaxing)
 *fill*         0x000000008001b177        0x1 
 .rodata.str1.4
                0x000000008001b178      0x100 vm/vm.o
                                        0x114 (size before relaxing)
 .rodata.str1.4
                0x000000008001b278       0x6a vm/pagepool.o
                                         0x80 (size before relaxing)
 *fill*         0x000000008001b2e2        0x2 
 .rodata.str1.4
                0x000000008001b2e4       0x6e vm/tlb.o
                                         0x84 (size before relaxing)
 *fill*         0x000000008001b352        0x2 
 .rodata.str1.4
                0x000000008001b354      0x2d1 fs/vfs.o
                                        0x2e8 (size before relaxing)
 *fill*         0x000000008001b625        0x3 
 .rodata.str1.4
                0x000000008001b628       0x92 fs/tfs.o
                                         0x94 (size before relaxing)
 *fill*         0x000000008001b6ba        0x2 
 .rodata.str1.4
                0x000000008001b6bc       0x2c fs/filesystems.o
 .rodata.str1.4
                0x000000008001b6e8       0x4e net/network.o
                                         0x64 (size before relaxing)
 *fill*         0x000000008001b736        0x2 
 .rodata.str1.4
                0x000000008001b738       0x3a net/socket.o
                                         0x50 (size before relaxing)
 *fill*         0x000000008001b772        0x2 
 .rodata.str1.4
                0x000000008001b774       0x58 net/pop.o
                                         0x6c (size before relaxing)

.rel.dyn        0x000000008001b7cc        0x0
 .rel.dyn       0x0000000000000000        0x0 drivers/drivers.o

.data           0x000000008001b7cc       0x90
 *(.data)
 .data          0x000000008001b7cc        0x0 init/_boot.o
 .data          0x000000008001b7cc        0x0 kernel/cswitch.o
 .data          0x000000008001b7cc        0x0 kernel/_interrupt.o
 .data          0x000000008001b7cc        0x0 kernel/_spinlock.o
 .data          0x000000008001b7cc        0x0 kernel/idle.o
 .data          0x000000008001b7cc        0xc lib/rand.o
 .data          0x000000008001b7d8        0x0 drivers/_timer.o
 .data          0x000000008001b7d8        0x0 vm/_tlb.o
 .data          0x000000008001b7d8        0x0 init/main.o
 .data          0x000000008001b7d8        0x0 kernel/panic.o
 .data          0x000000008001b7d8        0x0 kernel/kmalloc.o
 .data          0x000000008001b7d8        0x0 kernel/interrupt.o
 .data          0x000000008001b7d8        0x0 kernel/thread.o
 .data          0x000000008001b7d8        0x8 kernel/scheduler.o
 .data          0x000000008001b7e0        0x0 kernel/sleepq.o
 .data          0x000000008001b7e0        0x0 kernel/semaphore.o
 .data          0x000000008001b7e0        0x0 kernel/exception.o
 .data          0x000000008001b7e0        0x0 kernel/halt.o
 .data          0x000000008001b7e0        0x0 kernel/lock_cond.o
 .data          0x000000008001b7e0        0x0 lib/libc.o
 .data          0x000000008001b7e0        0x0 lib/xprintf.o
 .data          0x000000008001b7e0        0x0 lib/bitmap.o
 .data          0x000000008001b7e0        0x0 lib/debug.o
 .data          0x000000008001b7e0        0x0 drivers/polltty.o
 .data          0x000000008001b7e0        0x0 drivers/timer.o
 .data          0x000000008001b7e0        0x0 drivers/bootargs.o
 .data          0x000000008001b7e0        0x0 drivers/device.o
 .data          0x000000008001b7e0       0x54 drivers/drivers.o
                0x000000008001b7e0                drivers_available
 .data          0x000000008001b834        0x0 drivers/tty.o
 .data          0x000000008001b834        0x0 drivers/disk.o
 .data          0x000000008001b834        0x0 drivers/disksched.o
 .data          0x000000008001b834        0x0 drivers/metadev.o
 .data          0x000000008001b834        0x0 proc/exception.o
 .data          0x000000008001b834        0x0 proc/elf.o
 .data          0x000000008001b834        0x0 proc/process.o
 .data          0x000000008001b834        0x0 proc/syscall.o
 .data          0x000000008001b834        0x0 vm/vm.o
 .data          0x000000008001b834        0x0 vm/pagepool.o
 .data          0x000000008001b834        0x0 vm/tlb.o
 .data          0x000000008001b834        0x0 fs/vfs.o
 .data          0x000000008001b834        0x0 fs/tfs.o
 .data          0x000000008001b834       0x10 fs/filesystems.o
 .data          0x000000008001b844        0x0 net/network.o
 .data          0x000000008001b844       0x18 net/protocols.o
                0x000000008001b844                network_protocols
 .data          0x000000008001b85c        0x0 net/socket.o
 .data          0x000000008001b85c        0x0 net/pop.o

.bss            0x000000008001b85c    0x24238
 *(.bss COMMON)
 .bss           0x000000008001b85c        0x0 init/_boot.o
 .bss           0x000000008001b85c        0x0 kernel/cswitch.o
 .bss           0x000000008001b85c        0x0 kernel/_interrupt.o
 .bss           0x000000008001b85c        0x0 kernel/_spinlock.o
 .bss           0x000000008001b85c        0x0 kernel/idle.o
 .bss           0x000000008001b85c        0x0 lib/rand.o
 .bss           0x000000008001b85c        0x0 drivers/_timer.o
 .bss           0x000000008001b85c        0x0 vm/_tlb.o
 .bss           0x000000008001b85c        0x4 init/main.o
                0x000000008001b85c                kernel_bootstrap_finished
 .bss           0x000000008001b860        0x0 kernel/panic.o
 .bss           0x000000008001b860        0x8 kernel/kmalloc.o
 .bss           0x000000008001b868      0x600 kernel/interrupt.o
 COMMON         0x000000008001be68       0x10 kernel/interrupt.o
                0x000000008001be68                interrupt_stacks
 .bss           0x000000008001be78        0x4 kernel/thread.o
 COMMON         0x000000008001be7c    0x20804 kernel/thread.o
                0x000000008001be7c                thread_table
                0x000000008001c67c                thread_stack_areas
                0x000000008003c67c                thread_table_slock
 .bss           0x000000008003c680        0x0 kernel/scheduler.o
 COMMON         0x000000008003c680       0x10 kernel/scheduler.o
                0x000000008003c680                scheduler_current_thread
 .bss           0x000000008003c690      0x200 kernel/sleepq.o
 .bss           0x000000008003c890      0x608 kernel/semaphore.o
 .bss           0x000000008003ce98        0x0 kernel/exception.o
 .bss           0x000000008003ce98        0x0 kernel/halt.o
 .bss           0x000000008003ce98        0x0 kernel/lock_cond.o
 COMMON         0x000000008003ce98        0x4 kernel/lock_cond.o
                0x000000008003ce98                intr_status
 .bss           0x000000008003ce9c        0x0 lib/libc.o
 .bss           0x000000008003ce9c        0x4 lib/xprintf.o
                0x000000008003ce9c                kprintf_slock
 .bss           0x000000008003cea0        0x0 lib/bitmap.o
 .bss           0x000000008003cea0        0x0 lib/debug.o
 .bss           0x000000008003cea0        0x4 drivers/polltty.o
 .bss           0x000000008003cea4        0x0 drivers/timer.o
 .bss           0x000000008003cea4      0x100 drivers/bootargs.o
 .bss           0x000000008003cfa4      0x204 drivers/device.o
 .bss           0x000000008003d1a8        0x0 drivers/drivers.o
 .bss           0x000000008003d1a8        0x4 drivers/tty.o
 .bss           0x000000008003d1ac        0x0 drivers/disk.o
 .bss           0x000000008003d1ac        0x0 drivers/disksched.o
 .bss           0x000000008003d1ac       0x48 drivers/metadev.o
 .bss           0x000000008003d1f4        0x0 proc/exception.o
 .bss           0x000000008003d1f4        0x0 proc/elf.o
 .bss           0x000000008003d1f4        0x0 proc/process.o
 COMMON         0x000000008003d1f4      0x604 proc/process.o
                0x000000008003d1f4                process_table
                0x000000008003d7f4                process_table_lock
 .bss           0x000000008003d7f8        0x0 proc/syscall.o
 .bss           0x000000008003d7f8        0x0 vm/vm.o
 .bss           0x000000008003d7f8       0x14 vm/pagepool.o
 .bss           0x000000008003d80c        0x0 vm/tlb.o
 .bss           0x000000008003d80c     0x18b8 fs/vfs.o
 .bss           0x000000008003f0c4        0x0 fs/tfs.o
 .bss           0x000000008003f0c4        0x0 fs/filesystems.o
 .bss           0x000000008003f0c4        0x0 net/network.o
 COMMON         0x000000008003f0c4       0x30 net/network.o
                0x000000008003f0c4                network_interfaces
 .bss           0x000000008003f0f4        0x0 net/protocols.o
 .bss           0x000000008003f0f4        0x4 net/socket.o
 COMMON         0x000000008003f0f8      0x704 net/socket.o
                0x000000008003f0f8                open_sockets
                0x000000008003f7f8                open_sockets_sem
 .bss           0x000000008003f7fc      0x298 net/pop.o
                0x000000008003fa94                KERNEL_ENDS_HERE = .
LOAD init/_boot.o
LOAD kernel/cswitch.o
LOAD kernel/_interrupt.o
LOAD kernel/_spinlock.o
LOAD kernel/idle.o
LOAD lib/rand.o
LOAD drivers/_timer.o
LOAD vm/_tlb.o
LOAD init/main.o
LOAD kernel/panic.o
LOAD kernel/kmalloc.o
LOAD kernel/interrupt.o
LOAD kernel/thread.o
LOAD kernel/scheduler.o
LOAD kernel/sleepq.o
LOAD kernel/semaphore.o
LOAD kernel/exception.o
LOAD kernel/halt.o
LOAD kernel/lock_cond.o
LOAD lib/libc.o
LOAD lib/xprintf.o
LOAD lib/bitmap.o
LOAD lib/debug.o
LOAD drivers/polltty.o
LOAD drivers/timer.o
LOAD drivers/bootargs.o
LOAD drivers/device.o
LOAD drivers/drivers.o
LOAD drivers/tty.o
LOAD drivers/disk.o
LOAD drivers/disksched.o
LOAD drivers/metadev.o
LOAD proc/exception.o
LOAD proc/elf.o
LOAD proc/process.o
LOAD proc/syscall.o
LOAD vm/vm.o
LOAD vm/pagepool.o
LOAD vm/tlb.o
LOAD fs/vfs.o
LOAD fs/tfs.o
LOAD fs/filesystems.o
LOAD net/network.o
LOAD net/protocols.o
LOAD net/socket.o
LOAD net/pop.o
OUTPUT(buenos elf32-bigmips)

.reginfo        0x0000000000000000       0x18
 .reginfo       0x0000000000000000       0x18 init/_boot.o

.pdr            0x0000000000000000     0x1a40
 .pdr           0x0000000000000000       0x40 init/_boot.o
 .pdr           0x0000000000000040       0xa0 kernel/cswitch.o
 .pdr           0x00000000000000e0      0x180 kernel/_interrupt.o
 .pdr           0x0000000000000260       0x40 kernel/_spinlock.o
 .pdr           0x00000000000002a0       0x20 kernel/idle.o
 .pdr           0x00000000000002c0       0x40 lib/rand.o
 .pdr           0x0000000000000300       0x20 drivers/_timer.o
 .pdr           0x0000000000000320       0xe0 vm/_tlb.o
 .pdr           0x0000000000000400       0x60 init/main.o
 .pdr           0x0000000000000460       0x20 kernel/panic.o
 .pdr           0x0000000000000480       0xa0 kernel/kmalloc.o
 .pdr           0x0000000000000520       0x60 kernel/interrupt.o
 .pdr           0x0000000000000580      0x140 kernel/thread.o
 .pdr           0x00000000000006c0       0x80 kernel/scheduler.o
 .pdr           0x0000000000000740       0x80 kernel/sleepq.o
 .pdr           0x00000000000007c0       0xa0 kernel/semaphore.o
 .pdr           0x0000000000000860       0x40 kernel/exception.o
 .pdr           0x00000000000008a0       0x20 kernel/halt.o
 .pdr           0x00000000000008c0       0xe0 kernel/lock_cond.o
 .pdr           0x00000000000009a0      0x100 lib/libc.o
 .pdr           0x0000000000000aa0       0xe0 lib/xprintf.o
 .pdr           0x0000000000000b80       0xa0 lib/bitmap.o
 .pdr           0x0000000000000c20       0x20 lib/debug.o
 .pdr           0x0000000000000c40       0x60 drivers/polltty.o
 .pdr           0x0000000000000ca0       0x20 drivers/timer.o
 .pdr           0x0000000000000cc0       0x40 drivers/bootargs.o
 .pdr           0x0000000000000d00       0x40 drivers/device.o
 .pdr           0x0000000000000d40        0x0 drivers/drivers.o
 .pdr           0x0000000000000d40       0x80 drivers/tty.o
 .pdr           0x0000000000000dc0      0x100 drivers/disk.o
 .pdr           0x0000000000000ec0       0x20 drivers/disksched.o
 .pdr           0x0000000000000ee0      0x180 drivers/metadev.o
 .pdr           0x0000000000001060       0x20 proc/exception.o
 .pdr           0x0000000000001080       0x20 proc/elf.o
 .pdr           0x00000000000010a0      0x140 proc/process.o
 .pdr           0x00000000000011e0       0xc0 proc/syscall.o
 .pdr           0x00000000000012a0       0xc0 vm/vm.o
 .pdr           0x0000000000001360       0x60 vm/pagepool.o
 .pdr           0x00000000000013c0       0x80 vm/tlb.o
 .pdr           0x0000000000001440      0x260 fs/vfs.o
 .pdr           0x00000000000016a0      0x120 fs/tfs.o
 .pdr           0x00000000000017c0       0x20 fs/filesystems.o
 .pdr           0x00000000000017e0      0x120 net/network.o
 .pdr           0x0000000000001900       0x40 net/protocols.o
 .pdr           0x0000000000001940       0x60 net/socket.o
 .pdr           0x00000000000019a0       0xa0 net/pop.o

.mdebug.abi32   0x0000000000000000        0x0
 .mdebug.abi32  0x0000000000000000        0x0 init/main.o
 .mdebug.abi32  0x0000000000000000        0x0 kernel/panic.o
 .mdebug.abi32  0x0000000000000000        0x0 kernel/kmalloc.o
 .mdebug.abi32  0x0000000000000000        0x0 kernel/interrupt.o
 .mdebug.abi32  0x0000000000000000        0x0 kernel/thread.o
 .mdebug.abi32  0x0000000000000000        0x0 kernel/scheduler.o
 .mdebug.abi32  0x0000000000000000        0x0 kernel/sleepq.o
 .mdebug.abi32  0x0000000000000000        0x0 kernel/semaphore.o
 .mdebug.abi32  0x0000000000000000        0x0 kernel/exception.o
 .mdebug.abi32  0x0000000000000000        0x0 kernel/halt.o
 .mdebug.abi32  0x0000000000000000        0x0 kernel/lock_cond.o
 .mdebug.abi32  0x0000000000000000        0x0 lib/libc.o
 .mdebug.abi32  0x0000000000000000        0x0 lib/xprintf.o
 .mdebug.abi32  0x0000000000000000        0x0 lib/bitmap.o
 .mdebug.abi32  0x0000000000000000        0x0 lib/debug.o
 .mdebug.abi32  0x0000000000000000        0x0 drivers/polltty.o
 .mdebug.abi32  0x0000000000000000        0x0 drivers/timer.o
 .mdebug.abi32  0x0000000000000000        0x0 drivers/bootargs.o
 .mdebug.abi32  0x0000000000000000        0x0 drivers/device.o
 .mdebug.abi32  0x0000000000000000        0x0 drivers/drivers.o
 .mdebug.abi32  0x0000000000000000        0x0 drivers/tty.o
 .mdebug.abi32  0x0000000000000000        0x0 drivers/disk.o
 .mdebug.abi32  0x0000000000000000        0x0 drivers/disksched.o
 .mdebug.abi32  0x0000000000000000        0x0 drivers/metadev.o
 .mdebug.abi32  0x0000000000000000        0x0 proc/exception.o
 .mdebug.abi32  0x0000000000000000        0x0 proc/elf.o
 .mdebug.abi32  0x0000000000000000        0x0 proc/process.o
 .mdebug.abi32  0x0000000000000000        0x0 proc/syscall.o
 .mdebug.abi32  0x0000000000000000        0x0 vm/vm.o
 .mdebug.abi32  0x0000000000000000        0x0 vm/pagepool.o
 .mdebug.abi32  0x0000000000000000        0x0 vm/tlb.o
 .mdebug.abi32  0x0000000000000000        0x0 fs/vfs.o
 .mdebug.abi32  0x0000000000000000        0x0 fs/tfs.o
 .mdebug.abi32  0x0000000000000000        0x0 fs/filesystems.o
 .mdebug.abi32  0x0000000000000000        0x0 net/network.o
 .mdebug.abi32  0x0000000000000000        0x0 net/protocols.o
 .mdebug.abi32  0x0000000000000000        0x0 net/socket.o
 .mdebug.abi32  0x0000000000000000        0x0 net/pop.o

.comment        0x0000000000000000       0x11
 .comment       0x0000000000000000       0x11 init/main.o
                                         0x12 (size before relaxing)
 .comment       0x0000000000000000       0x12 kernel/panic.o
 .comment       0x0000000000000000       0x12 kernel/kmalloc.o
 .comment       0x0000000000000000       0x12 kernel/interrupt.o
 .comment       0x0000000000000000       0x12 kernel/thread.o
 .comment       0x0000000000000000       0x12 kernel/scheduler.o
 .comment       0x0000000000000000       0x12 kernel/sleepq.o
 .comment       0x0000000000000000       0x12 kernel/semaphore.o
 .comment       0x0000000000000000       0x12 kernel/exception.o
 .comment       0x0000000000000000       0x12 kernel/halt.o
 .comment       0x0000000000000000       0x12 kernel/lock_cond.o
 .comment       0x0000000000000000       0x12 lib/libc.o
 .comment       0x0000000000000000       0x12 lib/xprintf.o
 .comment       0x0000000000000000       0x12 lib/bitmap.o
 .comment       0x0000000000000000       0x12 lib/debug.o
 .comment       0x0000000000000000       0x12 drivers/polltty.o
 .comment       0x0000000000000000       0x12 drivers/timer.o
 .comment       0x0000000000000000       0x12 drivers/bootargs.o
 .comment       0x0000000000000000       0x12 drivers/device.o
 .comment       0x0000000000000000       0x12 drivers/drivers.o
 .comment       0x0000000000000000       0x12 drivers/tty.o
 .comment       0x0000000000000000       0x12 drivers/disk.o
 .comment       0x0000000000000000       0x12 drivers/disksched.o
 .comment       0x0000000000000000       0x12 drivers/metadev.o
 .comment       0x0000000000000000       0x12 proc/exception.o
 .comment       0x0000000000000000       0x12 proc/elf.o
 .comment       0x0000000000000000       0x12 proc/process.o
 .comment       0x0000000000000000       0x12 proc/syscall.o
 .comment       0x0000000000000000       0x12 vm/vm.o
 .comment       0x0000000000000000       0x12 vm/pagepool.o
 .comment       0x0000000000000000       0x12 vm/tlb.o
 .comment       0x0000000000000000       0x12 fs/vfs.o
 .comment       0x0000000000000000       0x12 fs/tfs.o
 .comment       0x0000000000000000       0x12 fs/filesystems.o
 .comment       0x0000000000000000       0x12 net/network.o
 .comment       0x0000000000000000       0x12 net/protocols.o
 .comment       0x0000000000000000       0x12 net/socket.o
 .comment       0x0000000000000000       0x12 net/pop.o

.gnu.attributes
                0x0000000000000000       0x10
 .gnu.attributes
                0x0000000000000000       0x10 init/main.o
 .gnu.attributes
                0x0000000000000010       0x10 kernel/panic.o
 .gnu.attributes
                0x0000000000000020       0x10 kernel/kmalloc.o
 .gnu.attributes
                0x0000000000000030       0x10 kernel/interrupt.o
 .gnu.attributes
                0x0000000000000040       0x10 kernel/thread.o
 .gnu.attributes
                0x0000000000000050       0x10 kernel/scheduler.o
 .gnu.attributes
                0x0000000000000060       0x10 kernel/sleepq.o
 .gnu.attributes
                0x0000000000000070       0x10 kernel/semaphore.o
 .gnu.attributes
                0x0000000000000080       0x10 kernel/exception.o
 .gnu.attributes
                0x0000000000000090       0x10 kernel/halt.o
 .gnu.attributes
                0x00000000000000a0       0x10 kernel/lock_cond.o
 .gnu.attributes
                0x00000000000000b0       0x10 lib/libc.o
 .gnu.attributes
                0x00000000000000c0       0x10 lib/xprintf.o
 .gnu.attributes
                0x00000000000000d0       0x10 lib/bitmap.o
 .gnu.attributes
                0x00000000000000e0       0x10 lib/debug.o
 .gnu.attributes
                0x00000000000000f0       0x10 drivers/polltty.o
 .gnu.attributes
                0x0000000000000100       0x10 drivers/timer.o
 .gnu.attributes
                0x0000000000000110       0x10 drivers/bootargs.o
 .gnu.attributes
                0x0000000000000120       0x10 drivers/device.o
 .gnu.attributes
                0x0000000000000130       0x10 drivers/drivers.o
 .gnu.attributes
                0x0000000000000140       0x10 drivers/tty.o
 .gnu.attributes
                0x0000000000000150       0x10 drivers/disk.o
 .gnu.attributes
                0x0000000000000160       0x10 drivers/disksched.o
 .gnu.attributes
                0x0000000000000170       0x10 drivers/metadev.o
 .gnu.attributes
                0x0000000000000180       0x10 proc/exception.o
 .gnu.attributes
                0x0000000000000190       0x10 proc/elf.o
 .gnu.attributes
                0x00000000000001a0       0x10 proc/process.o
 .gnu.attributes
                0x00000000000001b0       0x10 proc/syscall.o
 .gnu.attributes
                0x00000000000001c0       0x10 vm/vm.o
 .gnu.attributes
                0x00000000000001d0       0x10 vm/pagepool.o
 .gnu.attributes
                0x00000000000001e0       0x10 vm/tlb.o
 .gnu.attributes
                0x00000000000001f0       0x10 fs/vfs.o
 .gnu.attributes
                0x0000000000000200       0x10 fs/tfs.o
 .gnu.attributes
                0x0000000000000210       0x10 fs/filesystems.o
 .gnu.attributes
                0x0000000000000220       0x10 net/network.o
 .gnu.attributes
                0x0000000000000230       0x10 net/protocols.o
 .gnu.attributes
                0x0000000000000240       0x10 net/socket.o
 .gnu.attributes
                0x0000000000000250       0x10 net/pop.o

.stab           0x0000000000000000     0x1560
 .stab          0x0000000000000000       0xfc init/_boot.o
 .stab          0x00000000000000fc      0x9d8 kernel/cswitch.o
                                        0x9e4 (size before relaxing)
 .stab          0x0000000000000ad4      0x3f0 kernel/_interrupt.o
                                        0x3fc (size before relaxing)
 .stab          0x0000000000000ec4       0xb4 kernel/_spinlock.o
                                         0xc0 (size before relaxing)
 .stab          0x0000000000000f78       0x54 kernel/idle.o
                                         0x60 (size before relaxing)
 .stab          0x0000000000000fcc       0xe4 lib/rand.o
                                         0xf0 (size before relaxing)
 .stab          0x00000000000010b0       0x6c drivers/_timer.o
                                         0x78 (size before relaxing)
 .stab          0x000000000000111c      0x444 vm/_tlb.o
                                        0x450 (size before relaxing)

.stabstr        0x0000000000000000      0x3a9
 .stabstr       0x0000000000000000      0x3a9 init/_boot.o

.debug_info     0x0000000000000000     0xede4
 .debug_info    0x0000000000000000      0xb59 init/main.o
 .debug_info    0x0000000000000b59      0x180 kernel/panic.o
 .debug_info    0x0000000000000cd9      0x366 kernel/kmalloc.o
 .debug_info    0x000000000000103f      0x7d5 kernel/interrupt.o
 .debug_info    0x0000000000001814      0x8a4 kernel/thread.o
 .debug_info    0x00000000000020b8      0x69d kernel/scheduler.o
 .debug_info    0x0000000000002755      0x798 kernel/sleepq.o
 .debug_info    0x0000000000002eed      0x49f kernel/semaphore.o
 .debug_info    0x000000000000338c      0x454 kernel/exception.o
 .debug_info    0x00000000000037e0      0x11b kernel/halt.o
 .debug_info    0x00000000000038fb      0x444 kernel/lock_cond.o
 .debug_info    0x0000000000003d3f      0x370 lib/libc.o
 .debug_info    0x00000000000040af      0x86c lib/xprintf.o
 .debug_info    0x000000000000491b      0x34e lib/bitmap.o
 .debug_info    0x0000000000004c69      0x140 lib/debug.o
 .debug_info    0x0000000000004da9      0x1c6 drivers/polltty.o
 .debug_info    0x0000000000004f6f      0x10d drivers/timer.o
 .debug_info    0x000000000000507c      0x23f drivers/bootargs.o
 .debug_info    0x00000000000052bb      0x353 drivers/device.o
 .debug_info    0x000000000000560e      0x1e0 drivers/drivers.o
 .debug_info    0x00000000000057ee      0x830 drivers/tty.o
 .debug_info    0x000000000000601e      0xb22 drivers/disk.o
 .debug_info    0x0000000000006b40      0x1c9 drivers/disksched.o
 .debug_info    0x0000000000006d09      0x805 drivers/metadev.o
 .debug_info    0x000000000000750e      0x62c proc/exception.o
 .debug_info    0x0000000000007b3a      0x41c proc/elf.o
 .debug_info    0x0000000000007f56     0x161b proc/process.o
 .debug_info    0x0000000000009571      0x618 proc/syscall.o
 .debug_info    0x0000000000009b89      0x4ef vm/vm.o
 .debug_info    0x000000000000a078      0x4db vm/pagepool.o
 .debug_info    0x000000000000a553      0x375 vm/tlb.o
 .debug_info    0x000000000000a8c8     0x15ab fs/vfs.o
 .debug_info    0x000000000000be73     0x1063 fs/tfs.o
 .debug_info    0x000000000000ced6      0x55d fs/filesystems.o
 .debug_info    0x000000000000d433      0xa54 net/network.o
 .debug_info    0x000000000000de87      0x182 net/protocols.o
 .debug_info    0x000000000000e009      0x3f8 net/socket.o
 .debug_info    0x000000000000e401      0x9e3 net/pop.o

.debug_abbrev   0x0000000000000000     0x4426
 .debug_abbrev  0x0000000000000000      0x1e1 init/main.o
 .debug_abbrev  0x00000000000001e1       0xf6 kernel/panic.o
 .debug_abbrev  0x00000000000002d7      0x1d8 kernel/kmalloc.o
 .debug_abbrev  0x00000000000004af      0x231 kernel/interrupt.o
 .debug_abbrev  0x00000000000006e0      0x309 kernel/thread.o
 .debug_abbrev  0x00000000000009e9      0x24e kernel/scheduler.o
 .debug_abbrev  0x0000000000000c37      0x223 kernel/sleepq.o
 .debug_abbrev  0x0000000000000e5a      0x1cd kernel/semaphore.o
 .debug_abbrev  0x0000000000001027      0x16a kernel/exception.o
 .debug_abbrev  0x0000000000001191       0xd6 kernel/halt.o
 .debug_abbrev  0x0000000000001267      0x133 kernel/lock_cond.o
 .debug_abbrev  0x000000000000139a      0x161 lib/libc.o
 .debug_abbrev  0x00000000000014fb      0x233 lib/xprintf.o
 .debug_abbrev  0x000000000000172e      0x160 lib/bitmap.o
 .debug_abbrev  0x000000000000188e       0xde lib/debug.o
 .debug_abbrev  0x000000000000196c       0xfb drivers/polltty.o
 .debug_abbrev  0x0000000000001a67       0xc8 drivers/timer.o
 .debug_abbrev  0x0000000000001b2f      0x1ab drivers/bootargs.o
 .debug_abbrev  0x0000000000001cda      0x1d2 drivers/device.o
 .debug_abbrev  0x0000000000001eac       0xaa drivers/drivers.o
 .debug_abbrev  0x0000000000001f56      0x266 drivers/tty.o
 .debug_abbrev  0x00000000000021bc      0x2eb drivers/disk.o
 .debug_abbrev  0x00000000000024a7       0xd6 drivers/disksched.o
 .debug_abbrev  0x000000000000257d      0x270 drivers/metadev.o
 .debug_abbrev  0x00000000000027ed      0x1a0 proc/exception.o
 .debug_abbrev  0x000000000000298d      0x15c proc/elf.o
 .debug_abbrev  0x0000000000002ae9      0x317 proc/process.o
 .debug_abbrev  0x0000000000002e00      0x1ea proc/syscall.o
 .debug_abbrev  0x0000000000002fea      0x1ee vm/vm.o
 .debug_abbrev  0x00000000000031d8      0x178 vm/pagepool.o
 .debug_abbrev  0x0000000000003350      0x188 vm/tlb.o
 .debug_abbrev  0x00000000000034d8      0x347 fs/vfs.o
 .debug_abbrev  0x000000000000381f      0x294 fs/tfs.o
 .debug_abbrev  0x0000000000003ab3      0x154 fs/filesystems.o
 .debug_abbrev  0x0000000000003c07      0x37c net/network.o
 .debug_abbrev  0x0000000000003f83       0xf3 net/protocols.o
 .debug_abbrev  0x0000000000004076      0x196 net/socket.o
 .debug_abbrev  0x000000000000420c      0x21a net/pop.o

.debug_loc      0x0000000000000000     0x7bdf
 .debug_loc     0x0000000000000000      0x158 init/main.o
 .debug_loc     0x0000000000000158       0xc3 kernel/panic.o
 .debug_loc     0x000000000000021b      0x157 kernel/kmalloc.o
 .debug_loc     0x0000000000000372      0x2a2 kernel/interrupt.o
 .debug_loc     0x0000000000000614      0x360 kernel/thread.o
 .debug_loc     0x0000000000000974      0x1e4 kernel/scheduler.o
 .debug_loc     0x0000000000000b58      0x362 kernel/sleepq.o
 .debug_loc     0x0000000000000eba      0x263 kernel/semaphore.o
 .debug_loc     0x000000000000111d       0xc5 kernel/exception.o
 .debug_loc     0x00000000000011e2       0x2c kernel/halt.o
 .debug_loc     0x000000000000120e      0x305 kernel/lock_cond.o
 .debug_loc     0x0000000000001513      0x557 lib/libc.o
 .debug_loc     0x0000000000001a6a      0xd0d lib/xprintf.o
 .debug_loc     0x0000000000002777      0x61e lib/bitmap.o
 .debug_loc     0x0000000000002d95       0x79 lib/debug.o
 .debug_loc     0x0000000000002e0e       0x4e drivers/polltty.o
 .debug_loc     0x0000000000002e5c       0x76 drivers/timer.o
 .debug_loc     0x0000000000002ed2      0x21e drivers/bootargs.o
 .debug_loc     0x00000000000030f0       0xf0 drivers/device.o
 .debug_loc     0x00000000000031e0      0x46d drivers/tty.o
 .debug_loc     0x000000000000364d      0x5cb drivers/disk.o
 .debug_loc     0x0000000000003c18      0x4be drivers/metadev.o
 .debug_loc     0x00000000000040d6       0x8e proc/exception.o
 .debug_loc     0x0000000000004164       0xd9 proc/elf.o
 .debug_loc     0x000000000000423d      0x753 proc/process.o
 .debug_loc     0x0000000000004990      0x437 proc/syscall.o
 .debug_loc     0x0000000000004dc7      0x31c vm/vm.o
 .debug_loc     0x00000000000050e3      0x18c vm/pagepool.o
 .debug_loc     0x000000000000526f       0x6e vm/tlb.o
 .debug_loc     0x00000000000052dd      0xe25 fs/vfs.o
 .debug_loc     0x0000000000006102      0xb9a fs/tfs.o
 .debug_loc     0x0000000000006c9c       0xd3 fs/filesystems.o
 .debug_loc     0x0000000000006d6f      0x678 net/network.o
 .debug_loc     0x00000000000073e7       0x5c net/protocols.o
 .debug_loc     0x0000000000007443      0x1a0 net/socket.o
 .debug_loc     0x00000000000075e3      0x5fc net/pop.o

.debug_aranges  0x0000000000000000      0x4b8
 .debug_aranges
                0x0000000000000000       0x20 init/main.o
 .debug_aranges
                0x0000000000000020       0x20 kernel/panic.o
 .debug_aranges
                0x0000000000000040       0x20 kernel/kmalloc.o
 .debug_aranges
                0x0000000000000060       0x20 kernel/interrupt.o
 .debug_aranges
                0x0000000000000080       0x20 kernel/thread.o
 .debug_aranges
                0x00000000000000a0       0x20 kernel/scheduler.o
 .debug_aranges
                0x00000000000000c0       0x20 kernel/sleepq.o
 .debug_aranges
                0x00000000000000e0       0x20 kernel/semaphore.o
 .debug_aranges
                0x0000000000000100       0x20 kernel/exception.o
 .debug_aranges
                0x0000000000000120       0x20 kernel/halt.o
 .debug_aranges
                0x0000000000000140       0x20 kernel/lock_cond.o
 .debug_aranges
                0x0000000000000160       0x20 lib/libc.o
 .debug_aranges
                0x0000000000000180       0x20 lib/xprintf.o
 .debug_aranges
                0x00000000000001a0       0x20 lib/bitmap.o
 .debug_aranges
                0x00000000000001c0       0x20 lib/debug.o
 .debug_aranges
                0x00000000000001e0       0x20 drivers/polltty.o
 .debug_aranges
                0x0000000000000200       0x20 drivers/timer.o
 .debug_aranges
                0x0000000000000220       0x20 drivers/bootargs.o
 .debug_aranges
                0x0000000000000240       0x20 drivers/device.o
 .debug_aranges
                0x0000000000000260       0x18 drivers/drivers.o
 .debug_aranges
                0x0000000000000278       0x20 drivers/tty.o
 .debug_aranges
                0x0000000000000298       0x20 drivers/disk.o
 .debug_aranges
                0x00000000000002b8       0x20 drivers/disksched.o
 .debug_aranges
                0x00000000000002d8       0x20 drivers/metadev.o
 .debug_aranges
                0x00000000000002f8       0x20 proc/exception.o
 .debug_aranges
                0x0000000000000318       0x20 proc/elf.o
 .debug_aranges
                0x0000000000000338       0x20 proc/process.o
 .debug_aranges
                0x0000000000000358       0x20 proc/syscall.o
 .debug_aranges
                0x0000000000000378       0x20 vm/vm.o
 .debug_aranges
                0x0000000000000398       0x20 vm/pagepool.o
 .debug_aranges
                0x00000000000003b8       0x20 vm/tlb.o
 .debug_aranges
                0x00000000000003d8       0x20 fs/vfs.o
 .debug_aranges
                0x00000000000003f8       0x20 fs/tfs.o
 .debug_aranges
                0x0000000000000418       0x20 fs/filesystems.o
 .debug_aranges
                0x0000000000000438       0x20 net/network.o
 .debug_aranges
                0x0000000000000458       0x20 net/protocols.o
 .debug_aranges
                0x0000000000000478       0x20 net/socket.o
 .debug_aranges
                0x0000000000000498       0x20 net/pop.o

.debug_ranges   0x0000000000000000      0x328
 .debug_ranges  0x0000000000000000       0x18 init/main.o
 .debug_ranges  0x0000000000000018       0x28 kernel/thread.o
 .debug_ranges  0x0000000000000040       0x40 kernel/scheduler.o
 .debug_ranges  0x0000000000000080       0x20 lib/bitmap.o
 .debug_ranges  0x00000000000000a0       0x18 drivers/bootargs.o
 .debug_ranges  0x00000000000000b8       0x40 drivers/device.o
 .debug_ranges  0x00000000000000f8       0x40 drivers/tty.o
 .debug_ranges  0x0000000000000138       0x40 drivers/disk.o
 .debug_ranges  0x0000000000000178       0x50 fs/vfs.o
 .debug_ranges  0x00000000000001c8      0x140 net/network.o
 .debug_ranges  0x0000000000000308       0x20 net/socket.o

.debug_line     0x0000000000000000     0x369c
 .debug_line    0x0000000000000000      0x200 init/main.o
 .debug_line    0x0000000000000200       0x90 kernel/panic.o
 .debug_line    0x0000000000000290       0xe5 kernel/kmalloc.o
 .debug_line    0x0000000000000375      0x1bb kernel/interrupt.o
 .debug_line    0x0000000000000530      0x1e2 kernel/thread.o
 .debug_line    0x0000000000000712      0x17a kernel/scheduler.o
 .debug_line    0x000000000000088c      0x1bd kernel/sleepq.o
 .debug_line    0x0000000000000a49      0x11e kernel/semaphore.o
 .debug_line    0x0000000000000b67       0xd7 kernel/exception.o
 .debug_line    0x0000000000000c3e       0x84 kernel/halt.o
 .debug_line    0x0000000000000cc2       0xf7 kernel/lock_cond.o
 .debug_line    0x0000000000000db9      0x1ac lib/libc.o
 .debug_line    0x0000000000000f65      0x263 lib/xprintf.o
 .debug_line    0x00000000000011c8      0x134 lib/bitmap.o
 .debug_line    0x00000000000012fc       0x9b lib/debug.o
 .debug_line    0x0000000000001397       0x95 drivers/polltty.o
 .debug_line    0x000000000000142c       0x6e drivers/timer.o
 .debug_line    0x000000000000149a      0x106 drivers/bootargs.o
 .debug_line    0x00000000000015a0       0xe1 drivers/device.o
 .debug_line    0x0000000000001681       0x70 drivers/drivers.o
 .debug_line    0x00000000000016f1      0x1fa drivers/tty.o
 .debug_line    0x00000000000018eb      0x1fa drivers/disk.o
 .debug_line    0x0000000000001ae5       0x9f drivers/disksched.o
 .debug_line    0x0000000000001b84      0x185 drivers/metadev.o
 .debug_line    0x0000000000001d09       0xfb proc/exception.o
 .debug_line    0x0000000000001e04       0xdc proc/elf.o
 .debug_line    0x0000000000001ee0      0x3a9 proc/process.o
 .debug_line    0x0000000000002289      0x13d proc/syscall.o
 .debug_line    0x00000000000023c6      0x17c vm/vm.o
 .debug_line    0x0000000000002542      0x114 vm/pagepool.o
 .debug_line    0x0000000000002656       0x95 vm/tlb.o
 .debug_line    0x00000000000026eb      0x3ac fs/vfs.o
 .debug_line    0x0000000000002a97      0x40b fs/tfs.o
 .debug_line    0x0000000000002ea2       0xe4 fs/filesystems.o
 .debug_line    0x0000000000002f86      0x20e net/network.o
 .debug_line    0x0000000000003194       0x90 net/protocols.o
 .debug_line    0x0000000000003224      0x177 net/socket.o
 .debug_line    0x000000000000339b      0x301 net/pop.o

.debug_str      0x0000000000000000     0x1cac
 .debug_str     0x0000000000000000      0x30e init/main.o
                                        0x375 (size before relaxing)
 .debug_str     0x000000000000030e       0x45 kernel/panic.o
                                        0x11f (size before relaxing)
 .debug_str     0x0000000000000353       0xb4 kernel/kmalloc.o
                                        0x1c5 (size before relaxing)
 .debug_str     0x0000000000000407      0x230 kernel/interrupt.o
                                        0x3df (size before relaxing)
 .debug_str     0x0000000000000637      0x163 kernel/thread.o
                                        0x43e (size before relaxing)
 .debug_str     0x000000000000079a       0x72 kernel/scheduler.o
                                        0x3ae (size before relaxing)
 .debug_str     0x000000000000080c       0x8e kernel/sleepq.o
                                        0x38d (size before relaxing)
 .debug_str     0x000000000000089a       0x8f kernel/semaphore.o
                                        0x228 (size before relaxing)
 .debug_str     0x0000000000000929       0xa3 kernel/exception.o
                                        0x1b2 (size before relaxing)
 .debug_str     0x00000000000009cc       0x19 kernel/halt.o
                                         0xd9 (size before relaxing)
 .debug_str     0x00000000000009e5       0x62 kernel/lock_cond.o
                                        0x1c0 (size before relaxing)
 .debug_str     0x0000000000000a47       0x74 lib/libc.o
                                        0x143 (size before relaxing)
 .debug_str     0x0000000000000abb       0x9d lib/xprintf.o
                                        0x1f7 (size before relaxing)
 .debug_str     0x0000000000000b58       0x6e lib/bitmap.o
                                        0x121 (size before relaxing)
 .debug_str     0x0000000000000bc6       0x27 lib/debug.o
                                         0xfd (size before relaxing)
 .debug_str     0x0000000000000bed       0x3c drivers/polltty.o
                                        0x15c (size before relaxing)
 .debug_str     0x0000000000000c29       0x21 drivers/timer.o
                                        0x121 (size before relaxing)
 .debug_str     0x0000000000000c4a       0x5c drivers/bootargs.o
                                        0x134 (size before relaxing)
 .debug_str     0x0000000000000ca6       0x74 drivers/device.o
                                        0x1bd (size before relaxing)
 .debug_str     0x0000000000000d1a       0x12 drivers/drivers.o
                                        0x16d (size before relaxing)
 .debug_str     0x0000000000000d2c       0xa4 drivers/tty.o
                                        0x30b (size before relaxing)
 .debug_str     0x0000000000000dd0      0x195 drivers/disk.o
                                        0x433 (size before relaxing)
 .debug_str     0x0000000000000f65       0x14 drivers/disksched.o
                                        0x18c (size before relaxing)
 .debug_str     0x0000000000000f79      0x121 drivers/metadev.o
                                        0x35b (size before relaxing)
 .debug_str     0x000000000000109a       0x3f proc/exception.o
                                        0x2e3 (size before relaxing)
 .debug_str     0x00000000000010d9      0x1a5 proc/elf.o
                                        0x257 (size before relaxing)
 .debug_str     0x000000000000127e      0x1da proc/process.o
                                        0x648 (size before relaxing)
 .debug_str     0x0000000000001458       0x62 proc/syscall.o
                                        0x257 (size before relaxing)
 .debug_str     0x00000000000014ba       0x40 vm/vm.o
                                        0x1f3 (size before relaxing)
 .debug_str     0x00000000000014fa       0x70 vm/pagepool.o
                                        0x282 (size before relaxing)
 .debug_str     0x000000000000156a       0x60 vm/tlb.o
                                        0x19e (size before relaxing)
 .debug_str     0x00000000000015ca      0x1b0 fs/vfs.o
                                        0x4dc (size before relaxing)
 .debug_str     0x000000000000177a       0xd2 fs/tfs.o
                                        0x45e (size before relaxing)
 .debug_str     0x000000000000184c       0x34 fs/filesystems.o
                                        0x2da (size before relaxing)
 .debug_str     0x0000000000001880      0x222 net/network.o
                                        0x41a (size before relaxing)
 .debug_str     0x0000000000001aa2       0x36 net/protocols.o
                                        0x145 (size before relaxing)
 .debug_str     0x0000000000001ad8       0xa1 net/socket.o
                                        0x204 (size before relaxing)
 .debug_str     0x0000000000001b79      0x133 net/pop.o
                                        0x398 (size before relaxing)

.debug_frame    0x0000000000000000     0x1b94
 .debug_frame   0x0000000000000000       0x88 init/main.o
 .debug_frame   0x0000000000000088       0x38 kernel/panic.o
 .debug_frame   0x00000000000000c0       0x9c kernel/kmalloc.o
 .debug_frame   0x000000000000015c       0x9c kernel/interrupt.o
 .debug_frame   0x00000000000001f8      0x140 kernel/thread.o
 .debug_frame   0x0000000000000338       0xa4 kernel/scheduler.o
 .debug_frame   0x00000000000003dc       0xc8 kernel/sleepq.o
 .debug_frame   0x00000000000004a4       0xc8 kernel/semaphore.o
 .debug_frame   0x000000000000056c       0x50 kernel/exception.o
 .debug_frame   0x00000000000005bc       0x2c kernel/halt.o
 .debug_frame   0x00000000000005e8      0x118 kernel/lock_cond.o
 .debug_frame   0x0000000000000700       0xb8 lib/libc.o
 .debug_frame   0x00000000000007b8      0x118 lib/xprintf.o
 .debug_frame   0x00000000000008d0       0xe4 lib/bitmap.o
 .debug_frame   0x00000000000009b4       0x30 lib/debug.o
 .debug_frame   0x00000000000009e4       0x40 drivers/polltty.o
 .debug_frame   0x0000000000000a24       0x30 drivers/timer.o
 .debug_frame   0x0000000000000a54       0x4c drivers/bootargs.o
 .debug_frame   0x0000000000000aa0       0x54 drivers/device.o
 .debug_frame   0x0000000000000af4       0xd4 drivers/tty.o
 .debug_frame   0x0000000000000bc8      0x144 drivers/disk.o
 .debug_frame   0x0000000000000d0c       0x20 drivers/disksched.o
 .debug_frame   0x0000000000000d2c      0x17c drivers/metadev.o
 .debug_frame   0x0000000000000ea8       0x34 proc/exception.o
 .debug_frame   0x0000000000000edc       0x48 proc/elf.o
 .debug_frame   0x0000000000000f24      0x18c proc/process.o
 .debug_frame   0x00000000000010b0       0xe0 proc/syscall.o
 .debug_frame   0x0000000000001190       0xf0 vm/vm.o
 .debug_frame   0x0000000000001280       0x8c vm/pagepool.o
 .debug_frame   0x000000000000130c       0x6c vm/tlb.o
 .debug_frame   0x0000000000001378      0x33c fs/vfs.o
 .debug_frame   0x00000000000016b4      0x1bc fs/tfs.o
 .debug_frame   0x0000000000001870       0x40 fs/filesystems.o
 .debug_frame   0x00000000000018b0      0x110 net/network.o
 .debug_frame   0x00000000000019c0       0x40 net/protocols.o
 .debug_frame   0x0000000000001a00       0x98 net/socket.o
 .debug_frame   0x0000000000001a98       0xfc net/pop.o

Cross Reference Table

Symbol                                            File
DEBUG                                             lib/debug.o
                                                  proc/process.o
                                                  init/main.o
KERNEL_ENDS_HERE                                  kernel/kmalloc.o
_cswitch_switch                                   kernel/cswitch.o
_cswitch_to_userland                              kernel/cswitch.o
                                                  kernel/thread.o
_cswitch_vector_code                              kernel/cswitch.o
                                                  kernel/interrupt.o
_get_rand                                         lib/rand.o
                                                  kernel/scheduler.o
_idle_thread_wait_loop                            kernel/idle.o
                                                  kernel/thread.o
                                                  init/_boot.o
_interrupt_clear_EXL                              kernel/_interrupt.o
                                                  proc/exception.o
                                                  kernel/exception.o
_interrupt_clear_bootstrap                        kernel/_interrupt.o
                                                  init/main.o
                                                  init/_boot.o
_interrupt_clear_sw                               kernel/_interrupt.o
_interrupt_clear_sw0                              kernel/_interrupt.o
                                                  kernel/interrupt.o
_interrupt_clear_sw1                              kernel/_interrupt.o
_interrupt_disable                                kernel/_interrupt.o
                                                  vm/pagepool.o
                                                  proc/process.o
                                                  proc/exception.o
                                                  drivers/metadev.o
                                                  drivers/disk.o
                                                  drivers/tty.o
                                                  drivers/timer.o
                                                  lib/xprintf.o
                                                  kernel/lock_cond.o
                                                  kernel/exception.o
                                                  kernel/semaphore.o
                                                  kernel/sleepq.o
                                                  kernel/scheduler.o
                                                  kernel/thread.o
                                                  kernel/panic.o
_interrupt_enable                                 kernel/_interrupt.o
                                                  proc/exception.o
                                                  kernel/thread.o
                                                  init/main.o
                                                  init/_boot.o
_interrupt_generate_sw0                           kernel/_interrupt.o
                                                  kernel/thread.o
                                                  init/_boot.o
_interrupt_get_state                              kernel/_interrupt.o
                                                  kernel/sleepq.o
_interrupt_getcpu                                 kernel/_interrupt.o
                                                  drivers/metadev.o
                                                  kernel/scheduler.o
                                                  kernel/thread.o
                                                  kernel/interrupt.o
                                                  kernel/panic.o
_interrupt_set_EXL                                kernel/_interrupt.o
                                                  proc/exception.o
                                                  kernel/exception.o
_interrupt_set_state                              kernel/_interrupt.o
                                                  vm/pagepool.o
                                                  proc/process.o
                                                  drivers/metadev.o
                                                  drivers/disk.o
                                                  drivers/tty.o
                                                  drivers/timer.o
                                                  lib/xprintf.o
                                                  kernel/lock_cond.o
                                                  kernel/exception.o
                                                  kernel/semaphore.o
                                                  kernel/sleepq.o
                                                  kernel/scheduler.o
                                                  kernel/thread.o
_kernel_panic                                     kernel/panic.o
                                                  net/pop.o
                                                  net/socket.o
                                                  net/network.o
                                                  fs/vfs.o
                                                  vm/tlb.o
                                                  vm/pagepool.o
                                                  vm/vm.o
                                                  proc/syscall.o
                                                  proc/process.o
                                                  proc/exception.o
                                                  drivers/metadev.o
                                                  drivers/disk.o
                                                  drivers/tty.o
                                                  lib/bitmap.o
                                                  kernel/lock_cond.o
                                                  kernel/exception.o
                                                  kernel/semaphore.o
                                                  kernel/sleepq.o
                                                  kernel/scheduler.o
                                                  kernel/thread.o
                                                  kernel/interrupt.o
                                                  kernel/kmalloc.o
                                                  init/main.o
_set_rand_seed                                    lib/rand.o
                                                  init/main.o
_start                                            init/_boot.o
_timer_set_ticks                                  drivers/_timer.o
                                                  drivers/timer.o
_tlb_get_exception_state                          vm/_tlb.o
                                                  kernel/exception.o
_tlb_get_maxindex                                 vm/_tlb.o
                                                  vm/tlb.o
                                                  proc/process.o
_tlb_probe                                        vm/_tlb.o
_tlb_read                                         vm/_tlb.o
_tlb_set_asid                                     vm/_tlb.o
                                                  vm/tlb.o
_tlb_write                                        vm/_tlb.o
                                                  vm/tlb.o
_tlb_write_random                                 vm/_tlb.o
atoi                                              lib/libc.o
                                                  init/main.o
bitmap_findnset                                   lib/bitmap.o
                                                  fs/tfs.o
                                                  vm/pagepool.o
bitmap_get                                        lib/bitmap.o
                                                  fs/tfs.o
                                                  vm/pagepool.o
bitmap_init                                       lib/bitmap.o
                                                  vm/pagepool.o
bitmap_set                                        lib/bitmap.o
                                                  fs/tfs.o
                                                  vm/pagepool.o
bitmap_sizeof                                     lib/bitmap.o
                                                  vm/pagepool.o
bootargs_get                                      drivers/bootargs.o
                                                  lib/debug.o
                                                  init/main.o
bootargs_init                                     drivers/bootargs.o
                                                  init/main.o
condition_broadcast                               kernel/lock_cond.o
condition_init                                    kernel/lock_cond.o
condition_signal                                  kernel/lock_cond.o
condition_wait                                    kernel/lock_cond.o
cpustatus_count                                   drivers/metadev.o
                                                  init/main.o
cpustatus_generate_irq                            drivers/metadev.o
cpustatus_init                                    drivers/metadev.o
                                                  drivers/drivers.o
cpustatus_interrupt_handle                        drivers/metadev.o
device_get                                        drivers/device.o
                                                  net/network.o
                                                  fs/vfs.o
                                                  proc/syscall.o
                                                  init/main.o
device_init                                       drivers/device.o
                                                  init/main.o
disk_init                                         drivers/disk.o
                                                  drivers/drivers.o
disksched_schedule                                drivers/disksched.o
                                                  drivers/disk.o
drivers_available                                 drivers/drivers.o
                                                  drivers/device.o
elf_parse_header                                  proc/elf.o
                                                  proc/process.o
filesystems_try_all                               fs/filesystems.o
                                                  fs/vfs.o
halt_kernel                                       kernel/halt.o
                                                  proc/syscall.o
                                                  init/main.o
init                                              init/main.o
                                                  init/_boot.o
init_startup_fallback                             init/main.o
init_startup_thread                               init/main.o
interrupt_handle                                  kernel/interrupt.o
                                                  kernel/cswitch.o
interrupt_init                                    kernel/interrupt.o
                                                  init/main.o
interrupt_register                                kernel/interrupt.o
                                                  drivers/metadev.o
                                                  drivers/disk.o
                                                  drivers/tty.o
interrupt_stacks                                  kernel/interrupt.o
                                                  kernel/cswitch.o
intr_status                                       kernel/lock_cond.o
kernel_bootstrap_finished                         init/main.o
                                                  init/_boot.o
kernel_exception_handle                           kernel/exception.o
                                                  kernel/cswitch.o
kmalloc                                           kernel/kmalloc.o
                                                  vm/pagepool.o
                                                  drivers/metadev.o
                                                  drivers/disk.o
                                                  drivers/tty.o
                                                  drivers/bootargs.o
                                                  kernel/interrupt.o
kmalloc_disable                                   kernel/kmalloc.o
                                                  vm/vm.o
kmalloc_get_numpages                              kernel/kmalloc.o
                                                  vm/pagepool.o
kmalloc_get_reserved_pages                        kernel/kmalloc.o
                                                  vm/pagepool.o
kmalloc_init                                      kernel/kmalloc.o
                                                  init/main.o
kprintf                                           lib/xprintf.o
                                                  net/network.o
                                                  fs/filesystems.o
                                                  fs/tfs.o
                                                  fs/vfs.o
                                                  vm/pagepool.o
                                                  vm/vm.o
                                                  drivers/metadev.o
                                                  drivers/disk.o
                                                  drivers/device.o
                                                  kernel/halt.o
                                                  kernel/exception.o
                                                  kernel/interrupt.o
                                                  kernel/kmalloc.o
                                                  kernel/panic.o
                                                  init/main.o
kprintf_slock                                     lib/xprintf.o
                                                  drivers/tty.o
kread                                             lib/libc.o
kvprintf                                          lib/xprintf.o
                                                  lib/debug.o
kwrite                                            lib/libc.o
                                                  init/main.o
lock_acquire                                      kernel/lock_cond.o
                                                  proc/process.o
lock_release                                      kernel/lock_cond.o
                                                  proc/process.o
lock_reset                                        kernel/lock_cond.o
                                                  proc/process.o
memcopy                                           lib/libc.o
                                                  net/pop.o
                                                  net/network.o
                                                  fs/tfs.o
meminfo_get_pages                                 drivers/metadev.o
meminfo_init                                      drivers/metadev.o
                                                  drivers/drivers.o
memoryset                                         lib/libc.o
                                                  fs/tfs.o
                                                  proc/process.o
                                                  proc/elf.o
network_free_frame                                net/network.o
                                                  net/pop.o
network_get_broadcast_address                     net/network.o
network_get_loopback_address                      net/network.o
network_get_mtu                                   net/network.o
                                                  net/pop.o
network_get_source_address                        net/network.o
network_init                                      net/network.o
                                                  init/main.o
network_interfaces                                net/network.o
network_protocols                                 net/protocols.o
network_send                                      net/network.o
                                                  net/pop.o
open_sockets                                      net/pop.o
                                                  net/socket.o
open_sockets_sem                                  net/pop.o
                                                  net/socket.o
pagepool_free_phys_page                           vm/pagepool.o
                                                  net/network.o
                                                  fs/tfs.o
                                                  vm/vm.o
pagepool_get_phys_page                            vm/pagepool.o
                                                  net/pop.o
                                                  net/network.o
                                                  fs/tfs.o
                                                  vm/vm.o
                                                  proc/process.o
pagepool_init                                     vm/pagepool.o
                                                  vm/vm.o
polltty_getchar                                   drivers/polltty.o
                                                  lib/libc.o
polltty_init                                      drivers/polltty.o
                                                  init/main.o
polltty_putchar                                   drivers/polltty.o
                                                  lib/xprintf.o
                                                  lib/libc.o
pop_init                                          net/pop.o
                                                  net/protocols.o
pop_push_frame                                    net/pop.o
                                                  net/protocols.o
process_finish                                    proc/process.o
                                                  proc/syscall.o
process_get_current_process                       proc/process.o
process_get_current_process_entry                 proc/process.o
process_get_process_entry                         proc/process.o
process_help_spawn                                proc/process.o
process_init                                      proc/process.o
                                                  init/main.o
process_join                                      proc/process.o
                                                  proc/syscall.o
process_mark_process_table_entry_empty            proc/process.o
process_spawn                                     proc/process.o
                                                  proc/syscall.o
                                                  init/main.o
process_start                                     proc/process.o
process_table                                     proc/process.o
process_table_lock                                proc/process.o
protocols_get_frame_handler                       net/protocols.o
                                                  net/network.o
protocols_init                                    net/protocols.o
                                                  net/network.o
rtc_get_clockspeed                                drivers/metadev.o
rtc_get_msec                                      drivers/metadev.o
                                                  net/pop.o
rtc_init                                          drivers/metadev.o
                                                  drivers/drivers.o
scheduler_add_ready                               kernel/scheduler.o
                                                  kernel/thread.o
scheduler_add_to_ready_list                       kernel/scheduler.o
                                                  kernel/sleepq.o
scheduler_current_thread                          kernel/scheduler.o
                                                  kernel/thread.o
                                                  kernel/interrupt.o
                                                  kernel/cswitch.o
scheduler_init                                    kernel/scheduler.o
                                                  init/main.o
scheduler_schedule                                kernel/scheduler.o
                                                  kernel/interrupt.o
semaphore_P                                       kernel/semaphore.o
                                                  net/pop.o
                                                  net/socket.o
                                                  fs/tfs.o
                                                  fs/vfs.o
                                                  drivers/disk.o
semaphore_V                                       kernel/semaphore.o
                                                  net/pop.o
                                                  net/socket.o
                                                  fs/tfs.o
                                                  fs/vfs.o
                                                  drivers/disk.o
semaphore_create                                  kernel/semaphore.o
                                                  net/pop.o
                                                  net/socket.o
                                                  fs/tfs.o
                                                  fs/vfs.o
                                                  drivers/disk.o
semaphore_destroy                                 kernel/semaphore.o
                                                  net/socket.o
                                                  fs/tfs.o
                                                  drivers/disk.o
semaphore_init                                    kernel/semaphore.o
                                                  init/main.o
shutdown                                          drivers/metadev.o
                                                  kernel/halt.o
                                                  kernel/panic.o
shutdown_init                                     drivers/metadev.o
                                                  drivers/drivers.o
sleepq_add                                        kernel/sleepq.o
                                                  proc/process.o
                                                  drivers/tty.o
                                                  kernel/lock_cond.o
                                                  kernel/semaphore.o
sleepq_init                                       kernel/sleepq.o
                                                  init/main.o
sleepq_wake                                       kernel/sleepq.o
                                                  proc/process.o
                                                  kernel/lock_cond.o
                                                  kernel/semaphore.o
sleepq_wake_all                                   kernel/sleepq.o
                                                  drivers/tty.o
                                                  kernel/lock_cond.o
snprintf                                          lib/xprintf.o
                                                  init/main.o
socket_close                                      net/socket.o
socket_init                                       net/socket.o
                                                  net/network.o
socket_open                                       net/socket.o
socket_recvfrom                                   net/pop.o
socket_sendto                                     net/pop.o
spinlock_acquire                                  kernel/_spinlock.o
                                                  vm/pagepool.o
                                                  proc/process.o
                                                  drivers/metadev.o
                                                  drivers/disk.o
                                                  drivers/tty.o
                                                  lib/xprintf.o
                                                  kernel/semaphore.o
                                                  kernel/sleepq.o
                                                  kernel/scheduler.o
                                                  kernel/thread.o
spinlock_release                                  kernel/_spinlock.o
                                                  vm/pagepool.o
                                                  proc/process.o
                                                  drivers/metadev.o
                                                  drivers/disk.o
                                                  drivers/tty.o
                                                  lib/xprintf.o
                                                  kernel/semaphore.o
                                                  kernel/sleepq.o
                                                  kernel/scheduler.o
                                                  kernel/thread.o
spinlock_reset                                    kernel/_spinlock.o
                                                  vm/pagepool.o
                                                  drivers/metadev.o
                                                  drivers/disk.o
                                                  drivers/tty.o
                                                  kernel/semaphore.o
                                                  kernel/sleepq.o
                                                  kernel/thread.o
stringcmp                                         lib/libc.o
                                                  fs/tfs.o
                                                  fs/vfs.o
stringcopy                                        lib/libc.o
                                                  fs/tfs.o
                                                  fs/vfs.o
                                                  proc/process.o
strlen                                            lib/libc.o
                                                  drivers/bootargs.o
syscall_exec                                      proc/syscall.o
syscall_exit                                      proc/syscall.o
syscall_handle                                    proc/syscall.o
                                                  proc/exception.o
syscall_join                                      proc/syscall.o
syscall_read                                      proc/syscall.o
syscall_write                                     proc/syscall.o
tfs_close                                         fs/tfs.o
tfs_create                                        fs/tfs.o
tfs_getfree                                       fs/tfs.o
tfs_init                                          fs/tfs.o
                                                  fs/filesystems.o
tfs_open                                          fs/tfs.o
tfs_read                                          fs/tfs.o
tfs_remove                                        fs/tfs.o
tfs_unmount                                       fs/tfs.o
tfs_write                                         fs/tfs.o
thread_create                                     kernel/thread.o
                                                  net/pop.o
                                                  net/network.o
                                                  proc/process.o
                                                  init/main.o
thread_finish                                     kernel/thread.o
                                                  proc/process.o
thread_get_current_thread                         kernel/thread.o
                                                  proc/process.o
                                                  kernel/semaphore.o
                                                  kernel/sleepq.o
thread_get_current_thread_entry                   kernel/thread.o
                                                  proc/process.o
                                                  proc/exception.o
                                                  kernel/interrupt.o
thread_get_slock                                  kernel/thread.o
                                                  proc/process.o
thread_get_thread_entry                           kernel/thread.o
                                                  proc/process.o
thread_goto_userland                              kernel/thread.o
                                                  proc/process.o
thread_run                                        kernel/thread.o
                                                  net/pop.o
                                                  net/network.o
                                                  proc/process.o
                                                  init/main.o
thread_stack_areas                                kernel/thread.o
thread_switch                                     kernel/thread.o
                                                  proc/process.o
                                                  drivers/tty.o
                                                  kernel/lock_cond.o
                                                  kernel/semaphore.o
                                                  init/main.o
thread_table                                      kernel/sleepq.o
                                                  kernel/scheduler.o
                                                  kernel/thread.o
                                                  kernel/cswitch.o
thread_table_init                                 kernel/thread.o
                                                  init/main.o
thread_table_slock                                kernel/sleepq.o
                                                  kernel/scheduler.o
                                                  kernel/thread.o
timer_set_ticks                                   drivers/timer.o
                                                  kernel/scheduler.o
tlb_fill                                          vm/tlb.o
                                                  proc/process.o
                                                  kernel/interrupt.o
tlb_load_exception                                vm/tlb.o
tlb_modified_exception                            vm/tlb.o
tlb_store_exception                               vm/tlb.o
tty_init                                          drivers/tty.o
                                                  drivers/drivers.o
tty_interrupt_handle                              drivers/tty.o
user_exception_handle                             proc/exception.o
                                                  kernel/cswitch.o
vfs_close                                         fs/vfs.o
vfs_create                                        fs/vfs.o
vfs_deinit                                        fs/vfs.o
                                                  kernel/halt.o
vfs_getfree                                       fs/vfs.o
vfs_init                                          fs/vfs.o
                                                  init/main.o
vfs_mount                                         fs/vfs.o
vfs_mount_all                                     fs/vfs.o
                                                  init/main.o
vfs_mount_fs                                      fs/vfs.o
vfs_open                                          fs/vfs.o
                                                  proc/process.o
vfs_read                                          fs/vfs.o
                                                  proc/process.o
                                                  proc/elf.o
vfs_remove                                        fs/vfs.o
vfs_seek                                          fs/vfs.o
                                                  proc/process.o
                                                  proc/elf.o
vfs_unmount                                       fs/vfs.o
vfs_write                                         fs/vfs.o
vm_create_pagetable                               vm/vm.o
                                                  proc/process.o
vm_destroy_pagetable                              vm/vm.o
                                                  proc/process.o
vm_init                                           vm/vm.o
                                                  init/main.o
vm_map                                            vm/vm.o
                                                  proc/process.o
vm_set_dirty                                      vm/vm.o
                                                  proc/process.o
vm_unmap                                          vm/vm.o
vsnprintf                                         lib/xprintf.o
